// Jest Snapshot v1, https://goo.gl/fbAQLP

exports[`Tests on <SearchPage /> debe de mostrarse correctamente con valores por defecto 1`] = `
<div>
  <h1>
    Search
  </h1>
  <div
    class="col-5"
  >
    <form
      aria-label="form"
      class="d-flex"
    >
      <input
        autocomplete="off"
        class="form-control"
        name="searchText"
        placeholder="Search a hero"
        type="text"
        value=""
      />
      <button
        class="btn btn-primary"
        type="submit"
      >
        Search
      </button>
    </form>
  </div>
  <hr />
  <h4>
    Results
  </h4>
  <div
    class="row row-cols-1 row-cols-md-3 g-3"
  >
    <div
      aria-label="alert-search"
      class="alert alert-primary"
    >
      Search a hero
    </div>
    <div
      aria-label="alert-error"
      class="alert alert-danger"
      style="display: none;"
    >
      No hero with 
      <b />
    </div>
  </div>
</div>
`;
